\BOOKMARK [1][-]{section.1}{\376\377\000I\000n\000t\000r\000o\000d\000u\000c\000c\000i\000\363\000n}{}% 1
\BOOKMARK [1][-]{section.2}{\376\377\000A\000r\000q\000u\000i\000t\000e\000c\000t\000u\000r\000a\000\040\000G\000e\000n\000e\000r\000a\000l\000\040\000d\000e\000l\000\040\000S\000i\000s\000t\000e\000m\000a}{}% 2
\BOOKMARK [1][-]{section.3}{\376\377\000C\000o\000r\000p\000u\000s\000\040\000y\000\040\000P\000r\000o\000c\000e\000s\000o\000\040\000d\000e\000\040\000I\000n\000g\000e\000s\000t\000a}{}% 3
\BOOKMARK [2][-]{subsection.3.1}{\376\377\000C\000o\000n\000t\000i\000n\000u\000i\000d\000a\000d\000\040\000c\000o\000n\000\040\000e\000l\000\040\000M\000\363\000d\000u\000l\000o\000\040\0001}{section.3}% 4
\BOOKMARK [2][-]{subsection.3.2}{\376\377\000I\000n\000g\000e\000s\000t\000a\000\040\000e\000n\000\040\000Q\000d\000r\000a\000n\000t}{section.3}% 5
\BOOKMARK [2][-]{subsection.3.3}{\376\377\000C\000o\000n\000f\000i\000g\000u\000r\000a\000c\000i\000\363\000n\000\040\000d\000e\000\040\000E\000m\000b\000e\000d\000d\000i\000n\000g\000s}{section.3}% 6
\BOOKMARK [1][-]{section.4}{\376\377\000M\000\363\000d\000u\000l\000o\000\040\000d\000e\000\040\000R\000e\000c\000u\000p\000e\000r\000a\000c\000i\000\363\000n\000\040\000D\000e\000n\000s\000a}{}% 7
\BOOKMARK [2][-]{subsection.4.1}{\376\377\000S\000i\000m\000i\000l\000i\000t\000u\000d\000\040\000C\000o\000s\000e\000n\000o\000\040\000y\000\040\000B\000\372\000s\000q\000u\000e\000d\000a\000\040\000e\000n\000\040\000Q\000d\000r\000a\000n\000t}{section.4}% 8
\BOOKMARK [2][-]{subsection.4.2}{\376\377\000F\000i\000l\000t\000r\000o\000\040\000p\000o\000r\000\040\000U\000m\000b\000r\000a\000l\000\040\000y\000\040\000F\000i\000l\000t\000r\000o\000s\000\040\000d\000e\000\040\000P\000a\000y\000l\000o\000a\000d}{section.4}% 9
\BOOKMARK [2][-]{subsection.4.3}{\376\377\000R\000e\000r\000a\000n\000k\000i\000n\000g\000\040\000c\000o\000n\000\040\000C\000r\000o\000s\000s\000-\000E\000n\000c\000o\000d\000e\000r\000\040\000\050\000O\000p\000c\000i\000o\000n\000a\000l\000\051}{section.4}% 10
\BOOKMARK [2][-]{subsection.4.4}{\376\377\000D\000i\000v\000e\000r\000s\000i\000f\000i\000c\000a\000c\000i\000\363\000n\000\040\000M\000M\000R}{section.4}% 11
\BOOKMARK [2][-]{subsection.4.5}{\376\377\000P\000i\000p\000e\000l\000i\000n\000e\000\040\000C\000o\000m\000p\000l\000e\000t\000o\000\040\000d\000e\000\040\000R\000e\000c\000u\000p\000e\000r\000a\000c\000i\000\363\000n}{section.4}% 12
\BOOKMARK [1][-]{section.5}{\376\377\000O\000r\000q\000u\000e\000s\000t\000a\000c\000i\000\363\000n\000\040\000c\000o\000n\000\040\000L\000a\000n\000g\000G\000r\000a\000p\000h}{}% 13
\BOOKMARK [2][-]{subsection.5.1}{\376\377\000E\000s\000t\000a\000d\000o\000\040\000C\000o\000m\000p\000a\000r\000t\000i\000d\000o}{section.5}% 14
\BOOKMARK [2][-]{subsection.5.2}{\376\377\000N\000o\000d\000o\000s\000\040\000y\000\040\000F\000l\000u\000j\000o\000\040\000d\000e\000l\000\040\000G\000r\000a\000f\000o}{section.5}% 15
\BOOKMARK [3][-]{subsubsection.5.2.1}{\376\377\000N\000o\000d\000o\000\040\000N\0001\000\040\040\024\000\040\000c\000a\000r\000g\000a\000r\000\137\000m\000e\000m\000o\000r\000i\000a}{subsection.5.2}% 16
\BOOKMARK [3][-]{subsubsection.5.2.2}{\376\377\000N\000o\000d\000o\000\040\000N\0002\000\040\040\024\000\040\000i\000n\000f\000e\000r\000i\000r\000\137\000i\000n\000t\000e\000n\000c\000i\000o\000n}{subsection.5.2}% 17
\BOOKMARK [3][-]{subsubsection.5.2.3}{\376\377\000N\000o\000d\000o\000\040\000N\0003\000\040\040\024\000\040\000d\000e\000c\000i\000d\000i\000r\000\137\000t\000o\000o\000l}{subsection.5.2}% 18
\BOOKMARK [3][-]{subsubsection.5.2.4}{\376\377\000N\000o\000d\000o\000\040\000N\0004\000\040\040\024\000\040\000e\000j\000e\000c\000u\000t\000a\000r\000\137\000t\000o\000o\000l}{subsection.5.2}% 19
\BOOKMARK [3][-]{subsubsection.5.2.5}{\376\377\000N\000o\000d\000o\000\040\000N\0005\000\040\040\024\000\040\000c\000o\000m\000p\000o\000n\000e\000r\000\137\000r\000e\000s\000p\000u\000e\000s\000t\000a}{subsection.5.2}% 20
\BOOKMARK [3][-]{subsubsection.5.2.6}{\376\377\000N\000o\000d\000o\000\040\000N\0006\000\040\040\024\000\040\000p\000e\000r\000s\000i\000s\000t\000i\000r\000\137\000t\000u\000r\000n\000o}{subsection.5.2}% 21
\BOOKMARK [1][-]{section.6}{\376\377\000L\000a\000s\000\040\000T\000r\000e\000s\000\040\000H\000e\000r\000r\000a\000m\000i\000e\000n\000t\000a\000s\000\040\000d\000e\000l\000\040\000A\000g\000e\000n\000t\000e}{}% 22
\BOOKMARK [2][-]{subsection.6.1}{\376\377\000F\000A\000Q\000\040\000E\000s\000t\000r\000u\000c\000t\000u\000r\000a\000d\000a}{section.6}% 23
\BOOKMARK [2][-]{subsection.6.2}{\376\377\000R\000A\000G\000\040\000D\000e\000n\000s\000o}{section.6}% 24
\BOOKMARK [2][-]{subsection.6.3}{\376\377\000L\000i\000s\000t\000a\000r\000\040\000E\000s\000t\000r\000u\000c\000t\000u\000r\000a\000d\000o}{section.6}% 25
\BOOKMARK [1][-]{section.7}{\376\377\000M\000e\000m\000o\000r\000i\000a\000\040\000C\000o\000n\000v\000e\000r\000s\000a\000c\000i\000o\000n\000a\000l\000\040\000e\000n\000\040\000P\000o\000s\000t\000g\000r\000e\000S\000Q\000L}{}% 26
\BOOKMARK [2][-]{subsection.7.1}{\376\377\000E\000s\000q\000u\000e\000m\000a\000\040\000d\000e\000\040\000B\000a\000s\000e\000\040\000d\000e\000\040\000D\000a\000t\000o\000s}{section.7}% 27
\BOOKMARK [2][-]{subsection.7.2}{\376\377\000V\000e\000n\000t\000a\000n\000a\000\040\000d\000e\000\040\000M\000e\000m\000o\000r\000i\000a\000\040\000y\000\040\000C\000o\000n\000t\000r\000o\000l\000\040\000O\000p\000t\000i\000m\000i\000s\000t\000a}{section.7}% 28
\BOOKMARK [1][-]{section.8}{\376\377\000A\000P\000I\000\040\000H\000T\000T\000P\000\040\000y\000\040\000P\000r\000o\000t\000o\000c\000o\000l\000o\000\040\000S\000S\000E}{}% 29
\BOOKMARK [2][-]{subsection.8.1}{\376\377\000A\000u\000t\000e\000n\000t\000i\000c\000a\000c\000i\000\363\000n\000\040\000L\000i\000v\000i\000a\000n\000a}{section.8}% 30
\BOOKMARK [2][-]{subsection.8.2}{\376\377\000S\000t\000r\000e\000a\000m\000i\000n\000g\000\040\000S\000S\000E\000\040\000E\000x\000t\000e\000n\000d\000i\000d\000o}{section.8}% 31
\BOOKMARK [2][-]{subsection.8.3}{\376\377\000P\000a\000n\000e\000l\000\040\000A\000d\000m\000i\000n\000i\000s\000t\000r\000a\000t\000i\000v\000o\000\040\000y\000\040\000H\000o\000t\000-\000R\000e\000l\000o\000a\000d}{section.8}% 32
\BOOKMARK [1][-]{section.9}{\376\377\000I\000n\000t\000e\000r\000f\000a\000z\000\040\000d\000e\000\040\000U\000s\000u\000a\000r\000i\000o\000:\000\040\000R\000e\000a\000c\000t\000\040\000+\000\040\000V\000i\000t\000e}{}% 33
\BOOKMARK [2][-]{subsection.9.1}{\376\377\000M\000i\000g\000r\000a\000c\000i\000\363\000n\000\040\000d\000e\000s\000d\000e\000\040\000G\000r\000a\000d\000i\000o}{section.9}% 34
\BOOKMARK [2][-]{subsection.9.2}{\376\377\000C\000l\000i\000e\000n\000t\000e\000\040\000S\000S\000E\000\040\000P\000e\000r\000s\000o\000n\000a\000l\000i\000z\000a\000d\000o}{section.9}% 35
\BOOKMARK [2][-]{subsection.9.3}{\376\377\000C\000o\000m\000p\000o\000n\000e\000n\000t\000e\000s\000\040\000P\000r\000i\000n\000c\000i\000p\000a\000l\000e\000s}{section.9}% 36
\BOOKMARK [1][-]{section.10}{\376\377\000D\000e\000s\000p\000l\000i\000e\000g\000u\000e\000\040\000c\000o\000n\000\040\000D\000o\000c\000k\000e\000r\000\040\000C\000o\000m\000p\000o\000s\000e}{}% 37
\BOOKMARK [1][-]{section.11}{\376\377\000E\000v\000a\000l\000u\000a\000c\000i\000\363\000n}{}% 38
\BOOKMARK [2][-]{subsection.11.1}{\376\377\000D\000a\000t\000a\000s\000e\000t\000\040\000d\000e\000\040\000R\000e\000f\000e\000r\000e\000n\000c\000i\000a}{section.11}% 39
\BOOKMARK [2][-]{subsection.11.2}{\376\377\000M\000\351\000t\000r\000i\000c\000a\000s\000\040\000d\000e\000\040\000R\000e\000c\000u\000p\000e\000r\000a\000c\000i\000\363\000n}{section.11}% 40
\BOOKMARK [2][-]{subsection.11.3}{\376\377\000E\000s\000c\000e\000n\000a\000r\000i\000o\000s\000\040\000d\000e\000\040\000P\000r\000u\000e\000b\000a\000\040\000E\0002\000E}{section.11}% 41
\BOOKMARK [2][-]{subsection.11.4}{\376\377\000R\000e\000s\000u\000l\000t\000a\000d\000o\000s}{section.11}% 42
\BOOKMARK [1][-]{section.12}{\376\377\000D\000i\000s\000c\000u\000s\000i\000\363\000n}{}% 43
\BOOKMARK [2][-]{subsection.12.1}{\376\377\000C\000o\000m\000p\000a\000r\000a\000c\000i\000\363\000n\000\040\000c\000o\000n\000\040\000e\000l\000\040\000M\000\363\000d\000u\000l\000o\000\040\0001\000\040\000\050\000B\000M\0002\0005\000\051}{section.12}% 44
\BOOKMARK [2][-]{subsection.12.2}{\376\377\000V\000e\000n\000t\000a\000j\000a\000s\000\040\000d\000e\000l\000\040\000D\000i\000s\000e\000\361\000o\000\040\000c\000o\000n\000\040\000T\000r\000e\000s\000\040\000H\000e\000r\000r\000a\000m\000i\000e\000n\000t\000a\000s}{section.12}% 45
\BOOKMARK [2][-]{subsection.12.3}{\376\377\000L\000i\000m\000i\000t\000a\000c\000i\000o\000n\000e\000s}{section.12}% 46
\BOOKMARK [1][-]{section.13}{\376\377\000C\000o\000n\000c\000l\000u\000s\000i\000o\000n\000e\000s}{}% 47
\BOOKMARK [1][-]{section*.1}{\376\377\000R\000e\000f\000e\000r\000e\000n\000c\000i\000a\000s}{}% 48
